---
source: tests/dcx.rs
expression: "(header, hash)"
---
(
    DCX {
        header: Metadata {
            chunk_magic: [
                68,
                67,
                88,
                0,
            ],
            version: U32(
                69632,
            ),
            sizes_offset: U32(
                24,
            ),
            params_offset: U32(
                36,
            ),
            data_info_offset: U32(
                68,
            ),
            data_offset: U32(
                76,
            ),
        },
        sizes: Sizes {
            chunk_magic: [
                68,
                67,
                83,
                0,
            ],
            uncompressed_size: U32(
                2976,
            ),
            compressed_size: U32(
                873,
            ),
        },
        compression_parameters: CompressionParameters {
            chunk_magic: [
                68,
                67,
                80,
                0,
            ],
            algorithm: [
                75,
                82,
                65,
                75,
            ],
            chunk_size: U32(
                32,
            ),
            settings: [
                6,
                0,
                0,
                0,
                0,
                0,
                0,
                0,
                0,
                0,
                0,
                0,
                0,
                0,
                0,
                0,
                0,
                1,
                1,
                0,
            ],
        },
    },
    2454203100,
)
